hlsl.flattenOpaqueInit.vert
WARNING: 0:20: '=' : cannot do member-wise aliasing for opaque members with this initializer 
ERROR: 0:21: '=' : unsupported initializer 'FxaaTex'
ERROR: 1 compilation errors.  No code generated.


Shader version: 500
ERROR: node is still EOpNull!
0:5  Function Definition: lookUp(struct-FxaaTex-p1-t211; ( temp 4-component vector of float)
0:5    Function Parameters: 
0:?       'tex.smpl' ( in sampler)
0:?       'tex.tex' ( in texture2D)
0:?     Sequence
0:6      Branch: Return with expression
0:6        texture ( temp 4-component vector of float)
0:6          Construct combined texture-sampler ( temp sampler2D)
0:?             'tex.tex' ( in texture2D)
0:?             'tex.smpl' ( in sampler)
0:?           Constant:
0:?             0.300000
0:?             0.400000
0:10  Function Definition: fillOpaque( ( temp structure{ temp sampler smpl,  temp texture2D tex})
0:10    Function Parameters: 
0:?     Sequence
0:12      'g_tInputTexture_sampler' ( uniform sampler)
0:13      'g_tInputTexture' ( uniform texture2D)
0:14      Branch: Return with expression
0:14        't' ( temp structure{ temp sampler smpl,  temp texture2D tex})
0:18  Function Definition: @main( ( temp 4-component vector of float : SV_TARGET0)
0:18    Function Parameters: 
0:?     Sequence
0:20      Sequence
0:20        Sequence
0:20          move second child to first child ( temp structure{ temp sampler smpl,  temp texture2D tex})
0:20            'flattenTemp' ( temp structure{ temp sampler smpl,  temp texture2D tex})
0:20            Function Call: fillOpaque( ( temp structure{ temp sampler smpl,  temp texture2D tex})
0:20          move second child to first child ( temp sampler)
0:?             'tex2.smpl' ( temp sampler)
0:20            smpl: direct index for structure ( temp sampler)
0:20              'flattenTemp' ( temp structure{ temp sampler smpl,  temp texture2D tex})
0:20              Constant:
0:20                0 (const int)
0:20          move second child to first child ( temp texture2D)
0:?             'tex2.tex' ( temp texture2D)
0:20            tex: direct index for structure ( temp texture2D)
0:20              'flattenTemp' ( temp structure{ temp sampler smpl,  temp texture2D tex})
0:20              Constant:
0:20                1 (const int)
0:22      Branch: Return with expression
0:22        Function Call: lookUp(struct-FxaaTex-p1-t211; ( temp 4-component vector of float)
0:?           'g_tInputTexture_sampler' ( uniform sampler)
0:?           'g_tInputTexture' ( uniform texture2D)
0:18  Function Definition: main( ( temp void)
0:18    Function Parameters: 
0:?     Sequence
0:18      move second child to first child ( temp 4-component vector of float)
0:?         '@entryPointOutput' (layout( location=0) out 4-component vector of float : SV_TARGET0)
0:18        Function Call: @main( ( temp 4-component vector of float : SV_TARGET0)
0:?   Linker Objects
0:?     'g_tInputTexture_sampler' ( uniform sampler)
0:?     'g_tInputTexture' ( uniform texture2D)
0:?     '@entryPointOutput' (layout( location=0) out 4-component vector of float : SV_TARGET0)


Linked vertex stage:


Shader version: 500
ERROR: node is still EOpNull!
0:5  Function Definition: lookUp(struct-FxaaTex-p1-t211; ( temp 4-component vector of float)
0:5    Function Parameters: 
0:?       'tex.smpl' ( in sampler)
0:?       'tex.tex' ( in texture2D)
0:?     Sequence
0:6      Branch: Return with expression
0:6        texture ( temp 4-component vector of float)
0:6          Construct combined texture-sampler ( temp sampler2D)
0:?             'tex.tex' ( in texture2D)
0:?             'tex.smpl' ( in sampler)
0:?           Constant:
0:?             0.300000
0:?             0.400000
0:10  Function Definition: fillOpaque( ( temp structure{ temp sampler smpl,  temp texture2D tex})
0:10    Function Parameters: 
0:?     Sequence
0:12      'g_tInputTexture_sampler' ( uniform sampler)
0:13      'g_tInputTexture' ( uniform texture2D)
0:14      Branch: Return with expression
0:14        't' ( temp structure{ temp sampler smpl,  temp texture2D tex})
0:18  Function Definition: @main( ( temp 4-component vector of float : SV_TARGET0)
0:18    Function Parameters: 
0:?     Sequence
0:20      Sequence
0:20        Sequence
0:20          move second child to first child ( temp structure{ temp sampler smpl,  temp texture2D tex})
0:20            'flattenTemp' ( temp structure{ temp sampler smpl,  temp texture2D tex})
0:20            Function Call: fillOpaque( ( temp structure{ temp sampler smpl,  temp texture2D tex})
0:20          move second child to first child ( temp sampler)
0:?             'tex2.smpl' ( temp sampler)
0:20            smpl: direct index for structure ( temp sampler)
0:20              'flattenTemp' ( temp structure{ temp sampler smpl,  temp texture2D tex})
0:20              Constant:
0:20                0 (const int)
0:20          move second child to first child ( temp texture2D)
0:?             'tex2.tex' ( temp texture2D)
0:20            tex: direct index for structure ( temp texture2D)
0:20              'flattenTemp' ( temp structure{ temp sampler smpl,  temp texture2D tex})
0:20              Constant:
0:20                1 (const int)
0:22      Branch: Return with expression
0:22        Function Call: lookUp(struct-FxaaTex-p1-t211; ( temp 4-component vector of float)
0:?           'g_tInputTexture_sampler' ( uniform sampler)
0:?           'g_tInputTexture' ( uniform texture2D)
0:18  Function Definition: main( ( temp void)
0:18    Function Parameters: 
0:?     Sequence
0:18      move second child to first child ( temp 4-component vector of float)
0:?         '@entryPointOutput' (layout( location=0) out 4-component vector of float : SV_TARGET0)
0:18        Function Call: @main( ( temp 4-component vector of float : SV_TARGET0)
0:?   Linker Objects
0:?     'g_tInputTexture_sampler' ( uniform sampler)
0:?     'g_tInputTexture' ( uniform texture2D)
0:?     '@entryPointOutput' (layout( location=0) out 4-component vector of float : SV_TARGET0)

SPIR-V is not generated for failed compile or link
