hlsl.semantic.geom
ERROR: 0:15: '' : unimplemented: clip/cull not currently implemented for this stage 
ERROR: 0:15: '' : unimplemented: clip/cull not currently implemented for this stage 
ERROR: 2 compilation errors.  No code generated.


Shader version: 500
invocations = -1
max_vertices = 4
input primitive = triangles
output primitive = line_strip
ERROR: node is still EOpNull!
0:13  Function Definition: @main(u1[3];struct-S-f1-f1-f1-u1-u1-i11; ( temp void)
0:13    Function Parameters: 
0:13      'VertexID' ( in 3-element array of uint : VERTEXID)
0:13      'OutputStream' ( out structure{ temp float : SV_POSITION clip0,  temp float : SV_CLIPDISTANCE0 clip0,  temp float : SV_CULLDISTANCE0 cull0,  temp uint : SV_VIEWPORTARRAYINDEX vpai,  temp uint : SV_RENDERTARGETARRAYINDEX rtai,  temp int : SV_INSTANCEID ii})
0:?     Sequence
0:15      Sequence
0:15        Sequence
0:15          move second child to first child ( temp float)
0:?             'OutputStream.clip0' ( out float Position : SV_POSITION)
0:15            clip0: direct index for structure ( temp float : SV_POSITION)
0:15              's' ( temp structure{ temp float : SV_POSITION clip0,  temp float : SV_CLIPDISTANCE0 clip0,  temp float : SV_CULLDISTANCE0 cull0,  temp uint : SV_VIEWPORTARRAYINDEX vpai,  temp uint : SV_RENDERTARGETARRAYINDEX rtai,  temp int : SV_INSTANCEID ii})
0:15              Constant:
0:15                0 (const int)
0:15          move second child to first child ( temp uint)
0:?             'OutputStream.vpai' ( out uint ViewportIndex : SV_VIEWPORTARRAYINDEX)
0:15            vpai: direct index for structure ( temp uint : SV_VIEWPORTARRAYINDEX)
0:15              's' ( temp structure{ temp float : SV_POSITION clip0,  temp float : SV_CLIPDISTANCE0 clip0,  temp float : SV_CULLDISTANCE0 cull0,  temp uint : SV_VIEWPORTARRAYINDEX vpai,  temp uint : SV_RENDERTARGETARRAYINDEX rtai,  temp int : SV_INSTANCEID ii})
0:15              Constant:
0:15                3 (const int)
0:15          move second child to first child ( temp uint)
0:?             'OutputStream.rtai' ( out uint Layer : SV_RENDERTARGETARRAYINDEX)
0:15            rtai: direct index for structure ( temp uint : SV_RENDERTARGETARRAYINDEX)
0:15              's' ( temp structure{ temp float : SV_POSITION clip0,  temp float : SV_CLIPDISTANCE0 clip0,  temp float : SV_CULLDISTANCE0 cull0,  temp uint : SV_VIEWPORTARRAYINDEX vpai,  temp uint : SV_RENDERTARGETARRAYINDEX rtai,  temp int : SV_INSTANCEID ii})
0:15              Constant:
0:15                4 (const int)
0:15          move second child to first child ( temp int)
0:?             'OutputStream.ii' (layout( location=0) out int : SV_INSTANCEID)
0:15            ii: direct index for structure ( temp int : SV_INSTANCEID)
0:15              's' ( temp structure{ temp float : SV_POSITION clip0,  temp float : SV_CLIPDISTANCE0 clip0,  temp float : SV_CULLDISTANCE0 cull0,  temp uint : SV_VIEWPORTARRAYINDEX vpai,  temp uint : SV_RENDERTARGETARRAYINDEX rtai,  temp int : SV_INSTANCEID ii})
0:15              Constant:
0:15                5 (const int)
0:15        EmitVertex ( temp void)
0:13  Function Definition: main( ( temp void)
0:13    Function Parameters: 
0:?     Sequence
0:13      move second child to first child ( temp 3-element array of uint)
0:?         'VertexID' ( temp 3-element array of uint)
0:?         'VertexID' (layout( location=0) in 3-element array of uint : VERTEXID)
0:13      Function Call: @main(u1[3];struct-S-f1-f1-f1-u1-u1-i11; ( temp void)
0:?         'VertexID' ( temp 3-element array of uint)
0:?         'OutputStream' ( temp structure{ temp float : SV_POSITION clip0,  temp float : SV_CLIPDISTANCE0 clip0,  temp float : SV_CULLDISTANCE0 cull0,  temp uint : SV_VIEWPORTARRAYINDEX vpai,  temp uint : SV_RENDERTARGETARRAYINDEX rtai,  temp int : SV_INSTANCEID ii})
0:?   Linker Objects
0:?     'VertexID' (layout( location=0) in 3-element array of uint : VERTEXID)
0:?     'OutputStream.clip0' ( out float Position : SV_POSITION)
0:?     'OutputStream.vpai' ( out uint ViewportIndex : SV_VIEWPORTARRAYINDEX)
0:?     'OutputStream.rtai' ( out uint Layer : SV_RENDERTARGETARRAYINDEX)
0:?     'OutputStream.ii' (layout( location=0) out int : SV_INSTANCEID)


Linked geometry stage:


Shader version: 500
invocations = 1
max_vertices = 4
input primitive = triangles
output primitive = line_strip
ERROR: node is still EOpNull!
0:13  Function Definition: @main(u1[3];struct-S-f1-f1-f1-u1-u1-i11; ( temp void)
0:13    Function Parameters: 
0:13      'VertexID' ( in 3-element array of uint : VERTEXID)
0:13      'OutputStream' ( out structure{ temp float : SV_POSITION clip0,  temp float : SV_CLIPDISTANCE0 clip0,  temp float : SV_CULLDISTANCE0 cull0,  temp uint : SV_VIEWPORTARRAYINDEX vpai,  temp uint : SV_RENDERTARGETARRAYINDEX rtai,  temp int : SV_INSTANCEID ii})
0:?     Sequence
0:15      Sequence
0:15        Sequence
0:15          move second child to first child ( temp float)
0:?             'OutputStream.clip0' ( out float Position : SV_POSITION)
0:15            clip0: direct index for structure ( temp float : SV_POSITION)
0:15              's' ( temp structure{ temp float : SV_POSITION clip0,  temp float : SV_CLIPDISTANCE0 clip0,  temp float : SV_CULLDISTANCE0 cull0,  temp uint : SV_VIEWPORTARRAYINDEX vpai,  temp uint : SV_RENDERTARGETARRAYINDEX rtai,  temp int : SV_INSTANCEID ii})
0:15              Constant:
0:15                0 (const int)
0:15          move second child to first child ( temp uint)
0:?             'OutputStream.vpai' ( out uint ViewportIndex : SV_VIEWPORTARRAYINDEX)
0:15            vpai: direct index for structure ( temp uint : SV_VIEWPORTARRAYINDEX)
0:15              's' ( temp structure{ temp float : SV_POSITION clip0,  temp float : SV_CLIPDISTANCE0 clip0,  temp float : SV_CULLDISTANCE0 cull0,  temp uint : SV_VIEWPORTARRAYINDEX vpai,  temp uint : SV_RENDERTARGETARRAYINDEX rtai,  temp int : SV_INSTANCEID ii})
0:15              Constant:
0:15                3 (const int)
0:15          move second child to first child ( temp uint)
0:?             'OutputStream.rtai' ( out uint Layer : SV_RENDERTARGETARRAYINDEX)
0:15            rtai: direct index for structure ( temp uint : SV_RENDERTARGETARRAYINDEX)
0:15              's' ( temp structure{ temp float : SV_POSITION clip0,  temp float : SV_CLIPDISTANCE0 clip0,  temp float : SV_CULLDISTANCE0 cull0,  temp uint : SV_VIEWPORTARRAYINDEX vpai,  temp uint : SV_RENDERTARGETARRAYINDEX rtai,  temp int : SV_INSTANCEID ii})
0:15              Constant:
0:15                4 (const int)
0:15          move second child to first child ( temp int)
0:?             'OutputStream.ii' (layout( location=0) out int : SV_INSTANCEID)
0:15            ii: direct index for structure ( temp int : SV_INSTANCEID)
0:15              's' ( temp structure{ temp float : SV_POSITION clip0,  temp float : SV_CLIPDISTANCE0 clip0,  temp float : SV_CULLDISTANCE0 cull0,  temp uint : SV_VIEWPORTARRAYINDEX vpai,  temp uint : SV_RENDERTARGETARRAYINDEX rtai,  temp int : SV_INSTANCEID ii})
0:15              Constant:
0:15                5 (const int)
0:15        EmitVertex ( temp void)
0:13  Function Definition: main( ( temp void)
0:13    Function Parameters: 
0:?     Sequence
0:13      move second child to first child ( temp 3-element array of uint)
0:?         'VertexID' ( temp 3-element array of uint)
0:?         'VertexID' (layout( location=0) in 3-element array of uint : VERTEXID)
0:13      Function Call: @main(u1[3];struct-S-f1-f1-f1-u1-u1-i11; ( temp void)
0:?         'VertexID' ( temp 3-element array of uint)
0:?         'OutputStream' ( temp structure{ temp float : SV_POSITION clip0,  temp float : SV_CLIPDISTANCE0 clip0,  temp float : SV_CULLDISTANCE0 cull0,  temp uint : SV_VIEWPORTARRAYINDEX vpai,  temp uint : SV_RENDERTARGETARRAYINDEX rtai,  temp int : SV_INSTANCEID ii})
0:?   Linker Objects
0:?     'VertexID' (layout( location=0) in 3-element array of uint : VERTEXID)
0:?     'OutputStream.clip0' ( out float Position : SV_POSITION)
0:?     'OutputStream.vpai' ( out uint ViewportIndex : SV_VIEWPORTARRAYINDEX)
0:?     'OutputStream.rtai' ( out uint Layer : SV_RENDERTARGETARRAYINDEX)
0:?     'OutputStream.ii' (layout( location=0) out int : SV_INSTANCEID)

SPIR-V is not generated for failed compile or link
