hlsl.load.buffer.dx10.frag
ERROR: 0:42: 'r05' : redefinition 
ERROR: 1 compilation errors.  No code generated.


Shader version: 500
gl_FragCoord origin is upper left
ERROR: node is still EOpNull!
0:26  Function Definition: @main( ( temp structure{ temp 4-component vector of float : SV_TARGET0 Color,  temp float : SV_DEPTH Depth})
0:26    Function Parameters: 
0:?     Sequence
0:30      Sequence
0:30        move second child to first child ( temp 4-component vector of float)
0:30          'r00' ( temp 4-component vector of float)
0:30          textureFetch ( temp 4-component vector of float)
0:30            'g_tTexbf4' (layout( rgba32f) uniform textureBuffer)
0:30            c1: direct index for structure ( uniform int)
0:30              'anon@0' (layout( row_major std140) uniform block{ uniform int c1,  uniform 2-component vector of int c2,  uniform 3-component vector of int c3,  uniform 4-component vector of int c4,  uniform int o1,  uniform 2-component vector of int o2,  uniform 3-component vector of int o3,  uniform 4-component vector of int o4})
0:30              Constant:
0:30                0 (const uint)
0:31      Sequence
0:31        move second child to first child ( temp 4-component vector of int)
0:31          'r01' ( temp 4-component vector of int)
0:31          textureFetch ( temp 4-component vector of int)
0:31            'g_tTexbi4' (layout( rgba32i) uniform itextureBuffer)
0:31            c1: direct index for structure ( uniform int)
0:31              'anon@0' (layout( row_major std140) uniform block{ uniform int c1,  uniform 2-component vector of int c2,  uniform 3-component vector of int c3,  uniform 4-component vector of int c4,  uniform int o1,  uniform 2-component vector of int o2,  uniform 3-component vector of int o3,  uniform 4-component vector of int o4})
0:31              Constant:
0:31                0 (const uint)
0:32      Sequence
0:32        move second child to first child ( temp 4-component vector of uint)
0:32          'r02' ( temp 4-component vector of uint)
0:32          textureFetch ( temp 4-component vector of uint)
0:32            'g_tTexbu4' (layout( rgba32ui) uniform utextureBuffer)
0:32            c1: direct index for structure ( uniform int)
0:32              'anon@0' (layout( row_major std140) uniform block{ uniform int c1,  uniform 2-component vector of int c2,  uniform 3-component vector of int c3,  uniform 4-component vector of int c4,  uniform int o1,  uniform 2-component vector of int o2,  uniform 3-component vector of int o3,  uniform 4-component vector of int o4})
0:32              Constant:
0:32                0 (const uint)
0:33      Sequence
0:33        move second child to first child ( temp float)
0:33          'r03' ( temp float)
0:33          Construct float ( temp float)
0:?             textureFetch ( temp 4-component vector of float)
0:33              'g_tTexbf1' (layout( r32f) uniform textureBuffer)
0:33              c1: direct index for structure ( uniform int)
0:33                'anon@0' (layout( row_major std140) uniform block{ uniform int c1,  uniform 2-component vector of int c2,  uniform 3-component vector of int c3,  uniform 4-component vector of int c4,  uniform int o1,  uniform 2-component vector of int o2,  uniform 3-component vector of int o3,  uniform 4-component vector of int o4})
0:33                Constant:
0:33                  0 (const uint)
0:34      Sequence
0:34        move second child to first child ( temp 3-component vector of float)
0:34          'r04' ( temp 3-component vector of float)
0:34          Construct vec3 ( temp 3-component vector of float)
0:?             textureFetch ( temp 4-component vector of float)
0:34              'g_tTexbf3' (layout( rgba32f) uniform textureBuffer)
0:34              c1: direct index for structure ( uniform int)
0:34                'anon@0' (layout( row_major std140) uniform block{ uniform int c1,  uniform 2-component vector of int c2,  uniform 3-component vector of int c3,  uniform 4-component vector of int c4,  uniform int o1,  uniform 2-component vector of int o2,  uniform 3-component vector of int o3,  uniform 4-component vector of int o4})
0:34                Constant:
0:34                  0 (const uint)
0:35      Sequence
0:35        move second child to first child ( temp 4-component vector of float)
0:35          'r05' ( temp 4-component vector of float)
0:35          textureFetch ( temp 4-component vector of float)
0:35            'g_tTexbf4_test' (layout( binding=0 rgba32f) uniform textureBuffer)
0:35            c1: direct index for structure ( uniform int)
0:35              'anon@0' (layout( row_major std140) uniform block{ uniform int c1,  uniform 2-component vector of int c2,  uniform 3-component vector of int c3,  uniform 4-component vector of int c4,  uniform int o1,  uniform 2-component vector of int o2,  uniform 3-component vector of int o3,  uniform 4-component vector of int o4})
0:35              Constant:
0:35                0 (const uint)
0:37      Sequence
0:37        move second child to first child ( temp 4-component vector of float)
0:37          'a00' ( temp 4-component vector of float)
0:37          textureFetch ( temp 4-component vector of float)
0:37            'g_tTexbf4' (layout( rgba32f) uniform textureBuffer)
0:37            c1: direct index for structure ( uniform int)
0:37              'anon@0' (layout( row_major std140) uniform block{ uniform int c1,  uniform 2-component vector of int c2,  uniform 3-component vector of int c3,  uniform 4-component vector of int c4,  uniform int o1,  uniform 2-component vector of int o2,  uniform 3-component vector of int o3,  uniform 4-component vector of int o4})
0:37              Constant:
0:37                0 (const uint)
0:37            Constant:
0:37              0 (const int)
0:38      Sequence
0:38        move second child to first child ( temp 4-component vector of int)
0:38          'a01' ( temp 4-component vector of int)
0:38          textureFetch ( temp 4-component vector of int)
0:38            'g_tTexbi4' (layout( rgba32i) uniform itextureBuffer)
0:38            c1: direct index for structure ( uniform int)
0:38              'anon@0' (layout( row_major std140) uniform block{ uniform int c1,  uniform 2-component vector of int c2,  uniform 3-component vector of int c3,  uniform 4-component vector of int c4,  uniform int o1,  uniform 2-component vector of int o2,  uniform 3-component vector of int o3,  uniform 4-component vector of int o4})
0:38              Constant:
0:38                0 (const uint)
0:38            Constant:
0:38              0 (const int)
0:39      Sequence
0:39        move second child to first child ( temp 4-component vector of uint)
0:39          'a02' ( temp 4-component vector of uint)
0:39          textureFetch ( temp 4-component vector of uint)
0:39            'g_tTexbu4' (layout( rgba32ui) uniform utextureBuffer)
0:39            c1: direct index for structure ( uniform int)
0:39              'anon@0' (layout( row_major std140) uniform block{ uniform int c1,  uniform 2-component vector of int c2,  uniform 3-component vector of int c3,  uniform 4-component vector of int c4,  uniform int o1,  uniform 2-component vector of int o2,  uniform 3-component vector of int o3,  uniform 4-component vector of int o4})
0:39              Constant:
0:39                0 (const uint)
0:39            Constant:
0:39              0 (const int)
0:40      Sequence
0:40        move second child to first child ( temp float)
0:40          'a03' ( temp float)
0:40          textureFetch ( temp float)
0:40            'g_tTexbf1' (layout( r32f) uniform textureBuffer)
0:40            c1: direct index for structure ( uniform int)
0:40              'anon@0' (layout( row_major std140) uniform block{ uniform int c1,  uniform 2-component vector of int c2,  uniform 3-component vector of int c3,  uniform 4-component vector of int c4,  uniform int o1,  uniform 2-component vector of int o2,  uniform 3-component vector of int o3,  uniform 4-component vector of int o4})
0:40              Constant:
0:40                0 (const uint)
0:40            Constant:
0:40              0 (const int)
0:41      Sequence
0:41        move second child to first child ( temp 3-component vector of float)
0:41          'a04' ( temp 3-component vector of float)
0:41          textureFetch ( temp 3-component vector of float)
0:41            'g_tTexbf3' (layout( rgba32f) uniform textureBuffer)
0:41            c1: direct index for structure ( uniform int)
0:41              'anon@0' (layout( row_major std140) uniform block{ uniform int c1,  uniform 2-component vector of int c2,  uniform 3-component vector of int c3,  uniform 4-component vector of int c4,  uniform int o1,  uniform 2-component vector of int o2,  uniform 3-component vector of int o3,  uniform 4-component vector of int o4})
0:41              Constant:
0:41                0 (const uint)
0:41            Constant:
0:41              0 (const int)
0:46      move second child to first child ( temp 4-component vector of float)
0:46        Color: direct index for structure ( temp 4-component vector of float : SV_TARGET0)
0:46          'psout' ( temp structure{ temp 4-component vector of float : SV_TARGET0 Color,  temp float : SV_DEPTH Depth})
0:46          Constant:
0:46            0 (const int)
0:46        Constant:
0:46          1.000000
0:46          1.000000
0:46          1.000000
0:46          1.000000
0:47      move second child to first child ( temp float)
0:47        Depth: direct index for structure ( temp float : SV_DEPTH)
0:47          'psout' ( temp structure{ temp 4-component vector of float : SV_TARGET0 Color,  temp float : SV_DEPTH Depth})
0:47          Constant:
0:47            1 (const int)
0:47        Constant:
0:47          1.000000
0:49      Branch: Return with expression
0:49        'psout' ( temp structure{ temp 4-component vector of float : SV_TARGET0 Color,  temp float : SV_DEPTH Depth})
0:26  Function Definition: main( ( temp void)
0:26    Function Parameters: 
0:?     Sequence
0:26      Sequence
0:26        move second child to first child ( temp structure{ temp 4-component vector of float : SV_TARGET0 Color,  temp float : SV_DEPTH Depth})
0:26          'flattenTemp' ( temp structure{ temp 4-component vector of float : SV_TARGET0 Color,  temp float : SV_DEPTH Depth})
0:26          Function Call: @main( ( temp structure{ temp 4-component vector of float : SV_TARGET0 Color,  temp float : SV_DEPTH Depth})
0:26        move second child to first child ( temp 4-component vector of float)
0:?           '@entryPointOutput.Color' (layout( location=0) out 4-component vector of float : SV_TARGET0)
0:26          Color: direct index for structure ( temp 4-component vector of float : SV_TARGET0)
0:26            'flattenTemp' ( temp structure{ temp 4-component vector of float : SV_TARGET0 Color,  temp float : SV_DEPTH Depth})
0:26            Constant:
0:26              0 (const int)
0:26        move second child to first child ( temp float)
0:?           '@entryPointOutput.Depth' ( out float FragDepth : SV_DEPTH)
0:26          Depth: direct index for structure ( temp float : SV_DEPTH)
0:26            'flattenTemp' ( temp structure{ temp 4-component vector of float : SV_TARGET0 Color,  temp float : SV_DEPTH Depth})
0:26            Constant:
0:26              1 (const int)
0:?   Linker Objects
0:?     'g_tTexbf4_test' (layout( binding=0 rgba32f) uniform textureBuffer)
0:?     'g_tTexbf4' (layout( rgba32f) uniform textureBuffer)
0:?     'g_tTexbi4' (layout( rgba32i) uniform itextureBuffer)
0:?     'g_tTexbu4' (layout( rgba32ui) uniform utextureBuffer)
0:?     'g_tTexbf1' (layout( r32f) uniform textureBuffer)
0:?     'g_tTexbf3' (layout( rgba32f) uniform textureBuffer)
0:?     'anon@0' (layout( row_major std140) uniform block{ uniform int c1,  uniform 2-component vector of int c2,  uniform 3-component vector of int c3,  uniform 4-component vector of int c4,  uniform int o1,  uniform 2-component vector of int o2,  uniform 3-component vector of int o3,  uniform 4-component vector of int o4})
0:?     '@entryPointOutput.Depth' ( out float FragDepth : SV_DEPTH)
0:?     '@entryPointOutput.Color' (layout( location=0) out 4-component vector of float : SV_TARGET0)


Linked fragment stage:


Shader version: 500
gl_FragCoord origin is upper left
ERROR: node is still EOpNull!
0:26  Function Definition: @main( ( temp structure{ temp 4-component vector of float : SV_TARGET0 Color,  temp float : SV_DEPTH Depth})
0:26    Function Parameters: 
0:?     Sequence
0:30      Sequence
0:30        move second child to first child ( temp 4-component vector of float)
0:30          'r00' ( temp 4-component vector of float)
0:30          textureFetch ( temp 4-component vector of float)
0:30            'g_tTexbf4' (layout( rgba32f) uniform textureBuffer)
0:30            c1: direct index for structure ( uniform int)
0:30              'anon@0' (layout( row_major std140) uniform block{ uniform int c1,  uniform 2-component vector of int c2,  uniform 3-component vector of int c3,  uniform 4-component vector of int c4,  uniform int o1,  uniform 2-component vector of int o2,  uniform 3-component vector of int o3,  uniform 4-component vector of int o4})
0:30              Constant:
0:30                0 (const uint)
0:31      Sequence
0:31        move second child to first child ( temp 4-component vector of int)
0:31          'r01' ( temp 4-component vector of int)
0:31          textureFetch ( temp 4-component vector of int)
0:31            'g_tTexbi4' (layout( rgba32i) uniform itextureBuffer)
0:31            c1: direct index for structure ( uniform int)
0:31              'anon@0' (layout( row_major std140) uniform block{ uniform int c1,  uniform 2-component vector of int c2,  uniform 3-component vector of int c3,  uniform 4-component vector of int c4,  uniform int o1,  uniform 2-component vector of int o2,  uniform 3-component vector of int o3,  uniform 4-component vector of int o4})
0:31              Constant:
0:31                0 (const uint)
0:32      Sequence
0:32        move second child to first child ( temp 4-component vector of uint)
0:32          'r02' ( temp 4-component vector of uint)
0:32          textureFetch ( temp 4-component vector of uint)
0:32            'g_tTexbu4' (layout( rgba32ui) uniform utextureBuffer)
0:32            c1: direct index for structure ( uniform int)
0:32              'anon@0' (layout( row_major std140) uniform block{ uniform int c1,  uniform 2-component vector of int c2,  uniform 3-component vector of int c3,  uniform 4-component vector of int c4,  uniform int o1,  uniform 2-component vector of int o2,  uniform 3-component vector of int o3,  uniform 4-component vector of int o4})
0:32              Constant:
0:32                0 (const uint)
0:33      Sequence
0:33        move second child to first child ( temp float)
0:33          'r03' ( temp float)
0:33          Construct float ( temp float)
0:?             textureFetch ( temp 4-component vector of float)
0:33              'g_tTexbf1' (layout( r32f) uniform textureBuffer)
0:33              c1: direct index for structure ( uniform int)
0:33                'anon@0' (layout( row_major std140) uniform block{ uniform int c1,  uniform 2-component vector of int c2,  uniform 3-component vector of int c3,  uniform 4-component vector of int c4,  uniform int o1,  uniform 2-component vector of int o2,  uniform 3-component vector of int o3,  uniform 4-component vector of int o4})
0:33                Constant:
0:33                  0 (const uint)
0:34      Sequence
0:34        move second child to first child ( temp 3-component vector of float)
0:34          'r04' ( temp 3-component vector of float)
0:34          Construct vec3 ( temp 3-component vector of float)
0:?             textureFetch ( temp 4-component vector of float)
0:34              'g_tTexbf3' (layout( rgba32f) uniform textureBuffer)
0:34              c1: direct index for structure ( uniform int)
0:34                'anon@0' (layout( row_major std140) uniform block{ uniform int c1,  uniform 2-component vector of int c2,  uniform 3-component vector of int c3,  uniform 4-component vector of int c4,  uniform int o1,  uniform 2-component vector of int o2,  uniform 3-component vector of int o3,  uniform 4-component vector of int o4})
0:34                Constant:
0:34                  0 (const uint)
0:35      Sequence
0:35        move second child to first child ( temp 4-component vector of float)
0:35          'r05' ( temp 4-component vector of float)
0:35          textureFetch ( temp 4-component vector of float)
0:35            'g_tTexbf4_test' (layout( binding=0 rgba32f) uniform textureBuffer)
0:35            c1: direct index for structure ( uniform int)
0:35              'anon@0' (layout( row_major std140) uniform block{ uniform int c1,  uniform 2-component vector of int c2,  uniform 3-component vector of int c3,  uniform 4-component vector of int c4,  uniform int o1,  uniform 2-component vector of int o2,  uniform 3-component vector of int o3,  uniform 4-component vector of int o4})
0:35              Constant:
0:35                0 (const uint)
0:37      Sequence
0:37        move second child to first child ( temp 4-component vector of float)
0:37          'a00' ( temp 4-component vector of float)
0:37          textureFetch ( temp 4-component vector of float)
0:37            'g_tTexbf4' (layout( rgba32f) uniform textureBuffer)
0:37            c1: direct index for structure ( uniform int)
0:37              'anon@0' (layout( row_major std140) uniform block{ uniform int c1,  uniform 2-component vector of int c2,  uniform 3-component vector of int c3,  uniform 4-component vector of int c4,  uniform int o1,  uniform 2-component vector of int o2,  uniform 3-component vector of int o3,  uniform 4-component vector of int o4})
0:37              Constant:
0:37                0 (const uint)
0:37            Constant:
0:37              0 (const int)
0:38      Sequence
0:38        move second child to first child ( temp 4-component vector of int)
0:38          'a01' ( temp 4-component vector of int)
0:38          textureFetch ( temp 4-component vector of int)
0:38            'g_tTexbi4' (layout( rgba32i) uniform itextureBuffer)
0:38            c1: direct index for structure ( uniform int)
0:38              'anon@0' (layout( row_major std140) uniform block{ uniform int c1,  uniform 2-component vector of int c2,  uniform 3-component vector of int c3,  uniform 4-component vector of int c4,  uniform int o1,  uniform 2-component vector of int o2,  uniform 3-component vector of int o3,  uniform 4-component vector of int o4})
0:38              Constant:
0:38                0 (const uint)
0:38            Constant:
0:38              0 (const int)
0:39      Sequence
0:39        move second child to first child ( temp 4-component vector of uint)
0:39          'a02' ( temp 4-component vector of uint)
0:39          textureFetch ( temp 4-component vector of uint)
0:39            'g_tTexbu4' (layout( rgba32ui) uniform utextureBuffer)
0:39            c1: direct index for structure ( uniform int)
0:39              'anon@0' (layout( row_major std140) uniform block{ uniform int c1,  uniform 2-component vector of int c2,  uniform 3-component vector of int c3,  uniform 4-component vector of int c4,  uniform int o1,  uniform 2-component vector of int o2,  uniform 3-component vector of int o3,  uniform 4-component vector of int o4})
0:39              Constant:
0:39                0 (const uint)
0:39            Constant:
0:39              0 (const int)
0:40      Sequence
0:40        move second child to first child ( temp float)
0:40          'a03' ( temp float)
0:40          textureFetch ( temp float)
0:40            'g_tTexbf1' (layout( r32f) uniform textureBuffer)
0:40            c1: direct index for structure ( uniform int)
0:40              'anon@0' (layout( row_major std140) uniform block{ uniform int c1,  uniform 2-component vector of int c2,  uniform 3-component vector of int c3,  uniform 4-component vector of int c4,  uniform int o1,  uniform 2-component vector of int o2,  uniform 3-component vector of int o3,  uniform 4-component vector of int o4})
0:40              Constant:
0:40                0 (const uint)
0:40            Constant:
0:40              0 (const int)
0:41      Sequence
0:41        move second child to first child ( temp 3-component vector of float)
0:41          'a04' ( temp 3-component vector of float)
0:41          textureFetch ( temp 3-component vector of float)
0:41            'g_tTexbf3' (layout( rgba32f) uniform textureBuffer)
0:41            c1: direct index for structure ( uniform int)
0:41              'anon@0' (layout( row_major std140) uniform block{ uniform int c1,  uniform 2-component vector of int c2,  uniform 3-component vector of int c3,  uniform 4-component vector of int c4,  uniform int o1,  uniform 2-component vector of int o2,  uniform 3-component vector of int o3,  uniform 4-component vector of int o4})
0:41              Constant:
0:41                0 (const uint)
0:41            Constant:
0:41              0 (const int)
0:46      move second child to first child ( temp 4-component vector of float)
0:46        Color: direct index for structure ( temp 4-component vector of float : SV_TARGET0)
0:46          'psout' ( temp structure{ temp 4-component vector of float : SV_TARGET0 Color,  temp float : SV_DEPTH Depth})
0:46          Constant:
0:46            0 (const int)
0:46        Constant:
0:46          1.000000
0:46          1.000000
0:46          1.000000
0:46          1.000000
0:47      move second child to first child ( temp float)
0:47        Depth: direct index for structure ( temp float : SV_DEPTH)
0:47          'psout' ( temp structure{ temp 4-component vector of float : SV_TARGET0 Color,  temp float : SV_DEPTH Depth})
0:47          Constant:
0:47            1 (const int)
0:47        Constant:
0:47          1.000000
0:49      Branch: Return with expression
0:49        'psout' ( temp structure{ temp 4-component vector of float : SV_TARGET0 Color,  temp float : SV_DEPTH Depth})
0:26  Function Definition: main( ( temp void)
0:26    Function Parameters: 
0:?     Sequence
0:26      Sequence
0:26        move second child to first child ( temp structure{ temp 4-component vector of float : SV_TARGET0 Color,  temp float : SV_DEPTH Depth})
0:26          'flattenTemp' ( temp structure{ temp 4-component vector of float : SV_TARGET0 Color,  temp float : SV_DEPTH Depth})
0:26          Function Call: @main( ( temp structure{ temp 4-component vector of float : SV_TARGET0 Color,  temp float : SV_DEPTH Depth})
0:26        move second child to first child ( temp 4-component vector of float)
0:?           '@entryPointOutput.Color' (layout( location=0) out 4-component vector of float : SV_TARGET0)
0:26          Color: direct index for structure ( temp 4-component vector of float : SV_TARGET0)
0:26            'flattenTemp' ( temp structure{ temp 4-component vector of float : SV_TARGET0 Color,  temp float : SV_DEPTH Depth})
0:26            Constant:
0:26              0 (const int)
0:26        move second child to first child ( temp float)
0:?           '@entryPointOutput.Depth' ( out float FragDepth : SV_DEPTH)
0:26          Depth: direct index for structure ( temp float : SV_DEPTH)
0:26            'flattenTemp' ( temp structure{ temp 4-component vector of float : SV_TARGET0 Color,  temp float : SV_DEPTH Depth})
0:26            Constant:
0:26              1 (const int)
0:?   Linker Objects
0:?     'g_tTexbf4_test' (layout( binding=0 rgba32f) uniform textureBuffer)
0:?     'g_tTexbf4' (layout( rgba32f) uniform textureBuffer)
0:?     'g_tTexbi4' (layout( rgba32i) uniform itextureBuffer)
0:?     'g_tTexbu4' (layout( rgba32ui) uniform utextureBuffer)
0:?     'g_tTexbf1' (layout( r32f) uniform textureBuffer)
0:?     'g_tTexbf3' (layout( rgba32f) uniform textureBuffer)
0:?     'anon@0' (layout( row_major std140) uniform block{ uniform int c1,  uniform 2-component vector of int c2,  uniform 3-component vector of int c3,  uniform 4-component vector of int c4,  uniform int o1,  uniform 2-component vector of int o2,  uniform 3-component vector of int o3,  uniform 4-component vector of int o4})
0:?     '@entryPointOutput.Depth' ( out float FragDepth : SV_DEPTH)
0:?     '@entryPointOutput.Color' (layout( location=0) out 4-component vector of float : SV_TARGET0)

SPIR-V is not generated for failed compile or link
